Archive member included to satisfy reference by file (symbol)

D:/STM32CubeIDE_1.13.2/STM32CubeIDE/plugins/com.st.stm32cube.ide.mcu.externaltools.gnu-tools-for-stm32.11.3.rel1.win32_1.1.100.202309141235/tools/bin/../lib/gcc/arm-none-eabi/11.3.1/../../../../arm-none-eabi/lib/thumb/v7-m/nofp\libc_nano.a(libc_a-exit.o)
                              D:/STM32CubeIDE_1.13.2/STM32CubeIDE/plugins/com.st.stm32cube.ide.mcu.externaltools.gnu-tools-for-stm32.11.3.rel1.win32_1.1.100.202309141235/tools/bin/../lib/gcc/arm-none-eabi/11.3.1/../../../../arm-none-eabi/lib/thumb/v7-m/nofp/crt0.o (exit)
D:/STM32CubeIDE_1.13.2/STM32CubeIDE/plugins/com.st.stm32cube.ide.mcu.externaltools.gnu-tools-for-stm32.11.3.rel1.win32_1.1.100.202309141235/tools/bin/../lib/gcc/arm-none-eabi/11.3.1/../../../../arm-none-eabi/lib/thumb/v7-m/nofp\libc_nano.a(libc_a-findfp.o)
                              D:/STM32CubeIDE_1.13.2/STM32CubeIDE/plugins/com.st.stm32cube.ide.mcu.externaltools.gnu-tools-for-stm32.11.3.rel1.win32_1.1.100.202309141235/tools/bin/../lib/gcc/arm-none-eabi/11.3.1/../../../../arm-none-eabi/lib/thumb/v7-m/nofp\libc_nano.a(libc_a-exit.o) (__stdio_exit_handler)
D:/STM32CubeIDE_1.13.2/STM32CubeIDE/plugins/com.st.stm32cube.ide.mcu.externaltools.gnu-tools-for-stm32.11.3.rel1.win32_1.1.100.202309141235/tools/bin/../lib/gcc/arm-none-eabi/11.3.1/../../../../arm-none-eabi/lib/thumb/v7-m/nofp\libc_nano.a(libc_a-fwalk.o)
                              D:/STM32CubeIDE_1.13.2/STM32CubeIDE/plugins/com.st.stm32cube.ide.mcu.externaltools.gnu-tools-for-stm32.11.3.rel1.win32_1.1.100.202309141235/tools/bin/../lib/gcc/arm-none-eabi/11.3.1/../../../../arm-none-eabi/lib/thumb/v7-m/nofp\libc_nano.a(libc_a-findfp.o) (_fwalk_sglue)
D:/STM32CubeIDE_1.13.2/STM32CubeIDE/plugins/com.st.stm32cube.ide.mcu.externaltools.gnu-tools-for-stm32.11.3.rel1.win32_1.1.100.202309141235/tools/bin/../lib/gcc/arm-none-eabi/11.3.1/../../../../arm-none-eabi/lib/thumb/v7-m/nofp\libc_nano.a(libc_a-stdio.o)
                              D:/STM32CubeIDE_1.13.2/STM32CubeIDE/plugins/com.st.stm32cube.ide.mcu.externaltools.gnu-tools-for-stm32.11.3.rel1.win32_1.1.100.202309141235/tools/bin/../lib/gcc/arm-none-eabi/11.3.1/../../../../arm-none-eabi/lib/thumb/v7-m/nofp\libc_nano.a(libc_a-findfp.o) (__sread)
D:/STM32CubeIDE_1.13.2/STM32CubeIDE/plugins/com.st.stm32cube.ide.mcu.externaltools.gnu-tools-for-stm32.11.3.rel1.win32_1.1.100.202309141235/tools/bin/../lib/gcc/arm-none-eabi/11.3.1/../../../../arm-none-eabi/lib/thumb/v7-m/nofp\libc_nano.a(libc_a-memset.o)
                              D:/STM32CubeIDE_1.13.2/STM32CubeIDE/plugins/com.st.stm32cube.ide.mcu.externaltools.gnu-tools-for-stm32.11.3.rel1.win32_1.1.100.202309141235/tools/bin/../lib/gcc/arm-none-eabi/11.3.1/../../../../arm-none-eabi/lib/thumb/v7-m/nofp/crt0.o (memset)
D:/STM32CubeIDE_1.13.2/STM32CubeIDE/plugins/com.st.stm32cube.ide.mcu.externaltools.gnu-tools-for-stm32.11.3.rel1.win32_1.1.100.202309141235/tools/bin/../lib/gcc/arm-none-eabi/11.3.1/../../../../arm-none-eabi/lib/thumb/v7-m/nofp\libc_nano.a(libc_a-closer.o)
                              D:/STM32CubeIDE_1.13.2/STM32CubeIDE/plugins/com.st.stm32cube.ide.mcu.externaltools.gnu-tools-for-stm32.11.3.rel1.win32_1.1.100.202309141235/tools/bin/../lib/gcc/arm-none-eabi/11.3.1/../../../../arm-none-eabi/lib/thumb/v7-m/nofp\libc_nano.a(libc_a-stdio.o) (_close_r)
D:/STM32CubeIDE_1.13.2/STM32CubeIDE/plugins/com.st.stm32cube.ide.mcu.externaltools.gnu-tools-for-stm32.11.3.rel1.win32_1.1.100.202309141235/tools/bin/../lib/gcc/arm-none-eabi/11.3.1/../../../../arm-none-eabi/lib/thumb/v7-m/nofp\libc_nano.a(libc_a-reent.o)
                              D:/STM32CubeIDE_1.13.2/STM32CubeIDE/plugins/com.st.stm32cube.ide.mcu.externaltools.gnu-tools-for-stm32.11.3.rel1.win32_1.1.100.202309141235/tools/bin/../lib/gcc/arm-none-eabi/11.3.1/../../../../arm-none-eabi/lib/thumb/v7-m/nofp\libc_nano.a(libc_a-closer.o) (errno)
D:/STM32CubeIDE_1.13.2/STM32CubeIDE/plugins/com.st.stm32cube.ide.mcu.externaltools.gnu-tools-for-stm32.11.3.rel1.win32_1.1.100.202309141235/tools/bin/../lib/gcc/arm-none-eabi/11.3.1/../../../../arm-none-eabi/lib/thumb/v7-m/nofp\libc_nano.a(libc_a-impure.o)
                              D:/STM32CubeIDE_1.13.2/STM32CubeIDE/plugins/com.st.stm32cube.ide.mcu.externaltools.gnu-tools-for-stm32.11.3.rel1.win32_1.1.100.202309141235/tools/bin/../lib/gcc/arm-none-eabi/11.3.1/../../../../arm-none-eabi/lib/thumb/v7-m/nofp\libc_nano.a(libc_a-reent.o) (_impure_ptr)
D:/STM32CubeIDE_1.13.2/STM32CubeIDE/plugins/com.st.stm32cube.ide.mcu.externaltools.gnu-tools-for-stm32.11.3.rel1.win32_1.1.100.202309141235/tools/bin/../lib/gcc/arm-none-eabi/11.3.1/../../../../arm-none-eabi/lib/thumb/v7-m/nofp\libc_nano.a(libc_a-lseekr.o)
[...]
Memory Configuration

Name             Origin             Length             Attributes
RAM              0x0000000020000000 0x0000000000005000 xrw
FLASH            0x0000000008000000 0x0000000000010000 xr
*default*        0x0000000000000000 0xffffffffffffffff

Linker script and memory map

LOAD D:/STM32CubeIDE_1.13.2/STM32CubeIDE/plugins/com.st.stm32cube.ide.mcu.externaltools.gnu-tools-for-stm32.11.3.rel1.win32_1.1.100.202309141235/tools/bin/../lib/gcc/arm-none-eabi/11.3.1/thumb/v7-m/nofp/crti.o
LOAD D:/STM32CubeIDE_1.13.2/STM32CubeIDE/plugins/com.st.stm32cube.ide.mcu.externaltools.gnu-tools-for-stm32.11.3.rel1.win32_1.1.100.202309141235/tools/bin/../lib/gcc/arm-none-eabi/11.3.1/thumb/v7-m/nofp/crtbegin.o
LOAD D:/STM32CubeIDE_1.13.2/STM32CubeIDE/plugins/com.st.stm32cube.ide.mcu.externaltools.gnu-tools-for-stm32.11.3.rel1.win32_1.1.100.202309141235/tools/bin/../lib/gcc/arm-none-eabi/11.3.1/../../../../arm-none-eabi/lib/thumb/v7-m/nofp/crt0.o
LOAD ./Core/Src/main.o
LOAD ./Core/Src/stm32f1xx_hal_msp.o
LOAD ./Core/Src/stm32f1xx_it.o
LOAD ./Core/Src/syscalls.o
LOAD ./Core/Src/sysmem.o
LOAD ./Core/Src/system_stm32f1xx.o
LOAD ./Core/Startup/startup_stm32f103c8tx.o
LOAD ./Drivers/STM32F1xx_HAL_Driver/Src/stm32f1xx_hal.o
LOAD ./Drivers/STM32F1xx_HAL_Driver/Src/stm32f1xx_hal_adc.o
LOAD ./Drivers/STM32F1xx_HAL_Driver/Src/stm32f1xx_hal_adc_ex.o
LOAD ./Drivers/STM32F1xx_HAL_Driver/Src/stm32f1xx_hal_cortex.o
LOAD ./Drivers/STM32F1xx_HAL_Driver/Src/stm32f1xx_hal_dma.o
LOAD ./Drivers/STM32F1xx_HAL_Driver/Src/stm32f1xx_hal_exti.o
LOAD ./Drivers/STM32F1xx_HAL_Driver/Src/stm32f1xx_hal_flash.o
LOAD ./Drivers/STM32F1xx_HAL_Driver/Src/stm32f1xx_hal_flash_ex.o
LOAD ./Drivers/STM32F1xx_HAL_Driver/Src/stm32f1xx_hal_gpio.o
LOAD ./Drivers/STM32F1xx_HAL_Driver/Src/stm32f1xx_hal_gpio_ex.o
LOAD ./Drivers/STM32F1xx_HAL_Driver/Src/stm32f1xx_hal_pwr.o
LOAD ./Drivers/STM32F1xx_HAL_Driver/Src/stm32f1xx_hal_rcc.o
LOAD ./Drivers/STM32F1xx_HAL_Driver/Src/stm32f1xx_hal_rcc_ex.o
LOAD ./Drivers/STM32F1xx_HAL_Driver/Src/stm32f1xx_hal_spi.o
LOAD ./Drivers/STM32F1xx_HAL_Driver/Src/stm32f1xx_hal_tim.o
LOAD ./Drivers/STM32F1xx_HAL_Driver/Src/stm32f1xx_hal_tim_ex.o
LOAD ./Drivers/STM32F1xx_HAL_Driver/Src/stm32f1xx_hal_uart.o
START GROUP
LOAD D:/STM32CubeIDE_1.13.2/STM32CubeIDE/plugins/com.st.stm32cube.ide.mcu.externaltools.gnu-tools-for-stm32.11.3.rel1.win32_1.1.100.202309141235/tools/bin/../lib/gcc/arm-none-eabi/11.3.1/../../../../arm-none-eabi/lib/thumb/v7-m/nofp\libc_nano.a
LOAD D:/STM32CubeIDE_1.13.2/STM32CubeIDE/plugins/com.st.stm32cube.ide.mcu.externaltools.gnu-tools-for-stm32.11.3.rel1.win32_1.1.100.202309141235/tools/bin/../lib/gcc/arm-none-eabi/11.3.1/../../../../arm-none-eabi/lib/thumb/v7-m/nofp\libm.a
END GROUP
START GROUP
LOAD D:/STM32CubeIDE_1.13.2/STM32CubeIDE/plugins/com.st.stm32cube.ide.mcu.externaltools.gnu-tools-for-stm32.11.3.rel1.win32_1.1.100.202309141235/tools/bin/../lib/gcc/arm-none-eabi/11.3.1/thumb/v7-m/nofp\libgcc.a
LOAD D:/STM32CubeIDE_1.13.2/STM32CubeIDE/plugins/com.st.stm32cube.ide.mcu.externaltools.gnu-tools-for-stm32.11.3.rel1.win32_1.1.100.202309141235/tools/bin/../lib/gcc/arm-none-eabi/11.3.1/../../../../arm-none-eabi/lib/thumb/v7-m/nofp\libc_nano.a
END GROUP
START GROUP
LOAD D:/STM32CubeIDE_1.13.2/STM32CubeIDE/plugins/com.st.stm32cube.ide.mcu.externaltools.gnu-tools-for-stm32.11.3.rel1.win32_1.1.100.202309141235/tools/bin/../lib/gcc/arm-none-eabi/11.3.1/thumb/v7-m/nofp\libgcc.a
LOAD D:/STM32CubeIDE_1.13.2/STM32CubeIDE/plugins/com.st.stm32cube.ide.mcu.externaltools.gnu-tools-for-stm32.11.3.rel1.win32_1.1.100.202309141235/tools/bin/../lib/gcc/arm-none-eabi/11.3.1/../../../../arm-none-eabi/lib/thumb/v7-m/nofp\libc_nano.a
LOAD D:/STM32CubeIDE_1.13.2/STM32CubeIDE/plugins/com.st.stm32cube.ide.mcu.externaltools.gnu-tools-for-stm32.11.3.rel1.win32_1.1.100.202309141235/tools/bin/../lib/gcc/arm-none-eabi/11.3.1/../../../../arm-none-eabi/lib/thumb/v7-m/nofp\libnosys.a
END GROUP
START GROUP
LOAD D:/STM32CubeIDE_1.13.2/STM32CubeIDE/plugins/com.st.stm32cube.ide.mcu.externaltools.gnu-tools-for-stm32.11.3.rel1.win32_1.1.100.202309141235/tools/bin/../lib/gcc/arm-none-eabi/11.3.1/thumb/v7-m/nofp\libgcc.a
LOAD D:/STM32CubeIDE_1.13.2/STM32CubeIDE/plugins/com.st.stm32cube.ide.mcu.externaltools.gnu-tools-for-stm32.11.3.rel1.win32_1.1.100.202309141235/tools/bin/../lib/gcc/arm-none-eabi/11.3.1/../../../../arm-none-eabi/lib/thumb/v7-m/nofp\libc_nano.a
LOAD D:/STM32CubeIDE_1.13.2/STM32CubeIDE/plugins/com.st.stm32cube.ide.mcu.externaltools.gnu-tools-for-stm32.11.3.rel1.win32_1.1.100.202309141235/tools/bin/../lib/gcc/arm-none-eabi/11.3.1/../../../../arm-none-eabi/lib/thumb/v7-m/nofp\libnosys.a
END GROUP
LOAD D:/STM32CubeIDE_1.13.2/STM32CubeIDE/plugins/com.st.stm32cube.ide.mcu.externaltools.gnu-tools-for-stm32.11.3.rel1.win32_1.1.100.202309141235/tools/bin/../lib/gcc/arm-none-eabi/11.3.1/thumb/v7-m/nofp/crtend.o
LOAD D:/STM32CubeIDE_1.13.2/STM32CubeIDE/plugins/com.st.stm32cube.ide.mcu.externaltools.gnu-tools-for-stm32.11.3.rel1.win32_1.1.100.202309141235/tools/bin/../lib/gcc/arm-none-eabi/11.3.1/thumb/v7-m/nofp/crtn.o
                0x0000000020005000                _estack = (ORIGIN (RAM) + LENGTH (RAM))
                0x0000000000000200                _Min_Heap_Size = 0x200
                0x0000000000000400                _Min_Stack_Size = 0x400

.isr_vector     0x0000000008000000      0x10c
                0x0000000008000000                . = ALIGN (0x4)
 *(.isr_vector)
 .isr_vector    0x0000000008000000      0x10c ./Core/Startup/startup_stm32f103c8tx.o
                0x0000000008000000                g_pfnVectors
                0x000000000800010c                . = ALIGN (0x4)

.text           0x000000000800010c     0x27dc
                0x000000000800010c                . = ALIGN (0x4)
 *(.text)
 .text          0x000000000800010c       0x40 D:/STM32CubeIDE_1.13.2/STM32CubeIDE/plugins/com.st.stm32cube.ide.mcu.externaltools.gnu-tools-for-stm32.11.3.rel1.win32_1.1.100.202309141235/tools/bin/../lib/gcc/arm-none-eabi/11.3.1/thumb/v7-m/nofp/crtbegin.o
 *(.text*)
 .text.main     0x000000000800014c       0x26 ./Core/Src/main.o
                0x000000000800014c                main
 .text.SystemClock_Config
                0x0000000008000172       0xa0 ./Core/Src/main.o
                0x0000000008000172                SystemClock_Config
 *fill*         0x0000000008000212        0x2 
 .text.MX_ADC1_Init
                0x0000000008000214       0x7c ./Core/Src/main.o
 .text.MX_SPI1_Init
                0x0000000008000290       0x6c ./Core/Src/main.o
 .text.MX_TIM1_Init
                0x00000000080002fc      0x120 ./Core/Src/main.o
 .text.MX_TIM2_Init
                0x000000000800041c       0xc8 ./Core/Src/main.o
 .text.MX_USART2_UART_Init
                0x00000000080004e4       0x54 ./Core/Src/main.o
 .text.MX_GPIO_Init
                0x0000000008000538       0xac ./Core/Src/main.o
 .text.Error_Handler
                0x00000000080005e4        0xa ./Core/Src/main.o
                0x00000000080005e4                Error_Handler
 *fill*         0x00000000080005ee        0x2 
 .text.HAL_MspInit
                0x00000000080005f0       0x64 ./Core/Src/stm32f1xx_hal_msp.o
                0x00000000080005f0                HAL_MspInit
 .text.HAL_ADC_MspInit
                0x0000000008000654       0x78 ./Core/Src/stm32f1xx_hal_msp.o
                0x0000000008000654                HAL_ADC_MspInit
 .text.HAL_SPI_MspInit
                0x00000000080006cc       0x94 ./Core/Src/stm32f1xx_hal_msp.o
                0x00000000080006cc                HAL_SPI_MspInit
 .text.HAL_TIM_PWM_MspInit
                0x0000000008000760       0x60 ./Core/Src/stm32f1xx_hal_msp.o
                0x0000000008000760                HAL_TIM_PWM_MspInit
 .text.HAL_TIM_MspPostInit
                0x00000000080007c0      0x134 ./Core/Src/stm32f1xx_hal_msp.o
                0x00000000080007c0                HAL_TIM_MspPostInit
 .text.HAL_UART_MspInit
                0x00000000080008f4       0x94 ./Core/Src/stm32f1xx_hal_msp.o
                0x00000000080008f4                HAL_UART_MspInit
 .text.NMI_Handler
                0x0000000008000988        0x6 ./Core/Src/stm32f1xx_it.o
                0x0000000008000988                NMI_Handler
 .text.HardFault_Handler
                0x000000000800098e        0x6 ./Core/Src/stm32f1xx_it.o
                0x000000000800098e                HardFault_Handler
 .text.MemManage_Handler
                0x0000000008000994        0x6 ./Core/Src/stm32f1xx_it.o
                0x0000000008000994                MemManage_Handler
 .text.BusFault_Handler
                0x000000000800099a        0x6 ./Core/Src/stm32f1xx_it.o
                0x000000000800099a                BusFault_Handler
 .text.UsageFault_Handler
                0x00000000080009a0        0x6 ./Core/Src/stm32f1xx_it.o
                0x00000000080009a0                UsageFault_Handler
 .text.SVC_Handler
                0x00000000080009a6        0xc ./Core/Src/stm32f1xx_it.o
                0x00000000080009a6                SVC_Handler
 .text.DebugMon_Handler
                0x00000000080009b2        0xc ./Core/Src/stm32f1xx_it.o
                0x00000000080009b2                DebugMon_Handler
 .text.PendSV_Handler
                0x00000000080009be        0xc ./Core/Src/stm32f1xx_it.o
                0x00000000080009be                PendSV_Handler
 .text.SysTick_Handler
                0x00000000080009ca        0xc ./Core/Src/stm32f1xx_it.o
                0x00000000080009ca                SysTick_Handler
 .text.EXTI4_IRQHandler
                0x00000000080009d6        0xe ./Core/Src/stm32f1xx_it.o
                0x00000000080009d6                EXTI4_IRQHandler
 .text.EXTI9_5_IRQHandler
                0x00000000080009e4       0x2a ./Core/Src/stm32f1xx_it.o
                0x00000000080009e4                EXTI9_5_IRQHandler
 .text.SystemInit
                0x0000000008000a0e        0xc ./Core/Src/system_stm32f1xx.o
                0x0000000008000a0e                SystemInit
 *fill*         0x0000000008000a1a        0x2 
 .text.Reset_Handler
                0x0000000008000a1c       0x48 ./Core/Startup/startup_stm32f103c8tx.o
                0x0000000008000a1c                Reset_Handler
 .text.Default_Handler
                0x0000000008000a64        0x2 ./Core/Startup/startup_stm32f103c8tx.o
                0x0000000008000a64                RTC_Alarm_IRQHandler
                0x0000000008000a64                EXTI2_IRQHandler
                0x0000000008000a64                TIM1_CC_IRQHandler
                0x0000000008000a64                PVD_IRQHandler
                0x0000000008000a64                EXTI3_IRQHandler
                0x0000000008000a64                EXTI0_IRQHandler
                0x0000000008000a64                I2C2_EV_IRQHandler
                0x0000000008000a64                ADC1_2_IRQHandler
                0x0000000008000a64                SPI1_IRQHandler
                0x0000000008000a64                TAMPER_IRQHandler
                0x0000000008000a64                DMA1_Channel4_IRQHandler
                0x0000000008000a64                USART3_IRQHandler
                0x0000000008000a64                RTC_IRQHandler
                0x0000000008000a64                DMA1_Channel7_IRQHandler
                0x0000000008000a64                CAN1_RX1_IRQHandler
                0x0000000008000a64                TIM4_IRQHandler
                0x0000000008000a64                I2C1_EV_IRQHandler
                0x0000000008000a64                DMA1_Channel6_IRQHandler
                0x0000000008000a64                TIM3_IRQHandler
                0x0000000008000a64                RCC_IRQHandler
                0x0000000008000a64                TIM1_TRG_COM_IRQHandler
                0x0000000008000a64                DMA1_Channel1_IRQHandler
                0x0000000008000a64                Default_Handler
                0x0000000008000a64                EXTI15_10_IRQHandler
                0x0000000008000a64                SPI2_IRQHandler
                0x0000000008000a64                DMA1_Channel5_IRQHandler
                0x0000000008000a64                USB_LP_CAN1_RX0_IRQHandler
                0x0000000008000a64                USB_HP_CAN1_TX_IRQHandler
                0x0000000008000a64                DMA1_Channel3_IRQHandler
                0x0000000008000a64                TIM1_UP_IRQHandler
                0x0000000008000a64                WWDG_IRQHandler
                0x0000000008000a64                TIM2_IRQHandler
                0x0000000008000a64                TIM1_BRK_IRQHandler
                0x0000000008000a64                EXTI1_IRQHandler
                0x0000000008000a64                USART2_IRQHandler
                0x0000000008000a64                I2C2_ER_IRQHandler
                0x0000000008000a64                DMA1_Channel2_IRQHandler
                0x0000000008000a64                CAN1_SCE_IRQHandler
                0x0000000008000a64                FLASH_IRQHandler
                0x0000000008000a64                USART1_IRQHandler
                0x0000000008000a64                I2C1_ER_IRQHandler
                0x0000000008000a64                USBWakeUp_IRQHandler
 *fill*         0x0000000008000a66        0x2 
 .text.HAL_Init
                0x0000000008000a68       0x2c ./Drivers/STM32F1xx_HAL_Driver/Src/stm32f1xx_hal.o
                0x0000000008000a68                HAL_Init
 .text.HAL_InitTick
                0x0000000008000a94       0x60 ./Drivers/STM32F1xx_HAL_Driver/Src/stm32f1xx_hal.o
                0x0000000008000a94                HAL_InitTick
 .text.HAL_IncTick
                0x0000000008000af4       0x24 ./Drivers/STM32F1xx_HAL_Driver/Src/stm32f1xx_hal.o
                0x0000000008000af4                HAL_IncTick
 .text.HAL_GetTick
                0x0000000008000b18       0x14 ./Drivers/STM32F1xx_HAL_Driver/Src/stm32f1xx_hal.o
                0x0000000008000b18                HAL_GetTick
 .text.HAL_ADC_Init
                0x0000000008000b2c      0x1b0 ./Drivers/STM32F1xx_HAL_Driver/Src/stm32f1xx_hal_adc.o
                0x0000000008000b2c                HAL_ADC_Init
 .text.HAL_ADC_ConfigChannel
                0x0000000008000cdc      0x1f0 ./Drivers/STM32F1xx_HAL_Driver/Src/stm32f1xx_hal_adc.o
                0x0000000008000cdc                HAL_ADC_ConfigChannel
 .text.ADC_ConversionStop_Disable
                0x0000000008000ecc       0x82 ./Drivers/STM32F1xx_HAL_Driver/Src/stm32f1xx_hal_adc.o
                0x0000000008000ecc                ADC_ConversionStop_Disable
 *fill*         0x0000000008000f4e        0x2 
 .text.__NVIC_SetPriorityGrouping
                0x0000000008000f50       0x48 ./Drivers/STM32F1xx_HAL_Driver/Src/stm32f1xx_hal_cortex.o
 .text.__NVIC_GetPriorityGrouping
                0x0000000008000f98       0x1c ./Drivers/STM32F1xx_HAL_Driver/Src/stm32f1xx_hal_cortex.o
 .text.__NVIC_EnableIRQ
                0x0000000008000fb4       0x38 ./Drivers/STM32F1xx_HAL_Driver/Src/stm32f1xx_hal_cortex.o
 .text.__NVIC_SetPriority
                0x0000000008000fec       0x54 ./Drivers/STM32F1xx_HAL_Driver/Src/stm32f1xx_hal_cortex.o
 .text.NVIC_EncodePriority
                0x0000000008001040       0x64 ./Drivers/STM32F1xx_HAL_Driver/Src/stm32f1xx_hal_cortex.o
 .text.SysTick_Config
                0x00000000080010a4       0x44 ./Drivers/STM32F1xx_HAL_Driver/Src/stm32f1xx_hal_cortex.o
 .text.HAL_NVIC_SetPriorityGrouping
                0x00000000080010e8       0x16 ./Drivers/STM32F1xx_HAL_Driver/Src/stm32f1xx_hal_cortex.o
                0x00000000080010e8                HAL_NVIC_SetPriorityGrouping
 .text.HAL_NVIC_SetPriority
                0x00000000080010fe       0x38 ./Drivers/STM32F1xx_HAL_Driver/Src/stm32f1xx_hal_cortex.o
                0x00000000080010fe                HAL_NVIC_SetPriority
 .text.HAL_NVIC_EnableIRQ
                0x0000000008001136       0x1c ./Drivers/STM32F1xx_HAL_Driver/Src/stm32f1xx_hal_cortex.o
                0x0000000008001136                HAL_NVIC_EnableIRQ
 .text.HAL_SYSTICK_Config
                0x0000000008001152       0x18 ./Drivers/STM32F1xx_HAL_Driver/Src/stm32f1xx_hal_cortex.o
                0x0000000008001152                HAL_SYSTICK_Config
 *fill*         0x000000000800116a        0x2 
 .text.HAL_GPIO_Init
                0x000000000800116c      0x308 ./Drivers/STM32F1xx_HAL_Driver/Src/stm32f1xx_hal_gpio.o
                0x000000000800116c                HAL_GPIO_Init
 .text.HAL_GPIO_EXTI_IRQHandler
                0x0000000008001474       0x30 ./Drivers/STM32F1xx_HAL_Driver/Src/stm32f1xx_hal_gpio.o
                0x0000000008001474                HAL_GPIO_EXTI_IRQHandler
 .text.HAL_GPIO_EXTI_Callback
                0x00000000080014a4       0x14 ./Drivers/STM32F1xx_HAL_Driver/Src/stm32f1xx_hal_gpio.o
                0x00000000080014a4                HAL_GPIO_EXTI_Callback
 .text.HAL_RCC_OscConfig
                0x00000000080014b8      0x504 ./Drivers/STM32F1xx_HAL_Driver/Src/stm32f1xx_hal_rcc.o
                0x00000000080014b8                HAL_RCC_OscConfig
 .text.HAL_RCC_ClockConfig
                0x00000000080019bc      0x1d4 ./Drivers/STM32F1xx_HAL_Driver/Src/stm32f1xx_hal_rcc.o
                0x00000000080019bc                HAL_RCC_ClockConfig
 .text.HAL_RCC_GetSysClockFreq
                0x0000000008001b90       0xa8 ./Drivers/STM32F1xx_HAL_Driver/Src/stm32f1xx_hal_rcc.o
                0x0000000008001b90                HAL_RCC_GetSysClockFreq
 .text.HAL_RCC_GetHCLKFreq
                0x0000000008001c38       0x14 ./Drivers/STM32F1xx_HAL_Driver/Src/stm32f1xx_hal_rcc.o
                0x0000000008001c38                HAL_RCC_GetHCLKFreq
 .text.HAL_RCC_GetPCLK1Freq
                0x0000000008001c4c       0x28 ./Drivers/STM32F1xx_HAL_Driver/Src/stm32f1xx_hal_rcc.o
                0x0000000008001c4c                HAL_RCC_GetPCLK1Freq
 .text.HAL_RCC_GetPCLK2Freq
                0x0000000008001c74       0x28 ./Drivers/STM32F1xx_HAL_Driver/Src/stm32f1xx_hal_rcc.o
                0x0000000008001c74                HAL_RCC_GetPCLK2Freq
 .text.RCC_Delay
                0x0000000008001c9c       0x3c ./Drivers/STM32F1xx_HAL_Driver/Src/stm32f1xx_hal_rcc.o
 .text.HAL_RCCEx_PeriphCLKConfig
                0x0000000008001cd8      0x16c ./Drivers/STM32F1xx_HAL_Driver/Src/stm32f1xx_hal_rcc_ex.o
                0x0000000008001cd8                HAL_RCCEx_PeriphCLKConfig
 .text.HAL_SPI_Init
                0x0000000008001e44      0x108 ./Drivers/STM32F1xx_HAL_Driver/Src/stm32f1xx_hal_spi.o
                0x0000000008001e44                HAL_SPI_Init
 .text.HAL_TIM_PWM_Init
                0x0000000008001f4c       0x9e ./Drivers/STM32F1xx_HAL_Driver/Src/stm32f1xx_hal_tim.o
                0x0000000008001f4c                HAL_TIM_PWM_Init
 *fill*         0x0000000008001fea        0x2 
 .text.HAL_TIM_PWM_ConfigChannel
                0x0000000008001fec      0x184 ./Drivers/STM32F1xx_HAL_Driver/Src/stm32f1xx_hal_tim.o
                0x0000000008001fec                HAL_TIM_PWM_ConfigChannel
 .text.TIM_Base_SetConfig
                0x0000000008002170       0xdc ./Drivers/STM32F1xx_HAL_Driver/Src/stm32f1xx_hal_tim.o
                0x0000000008002170                TIM_Base_SetConfig
 .text.TIM_OC1_SetConfig
                0x000000000800224c       0xcc ./Drivers/STM32F1xx_HAL_Driver/Src/stm32f1xx_hal_tim.o
 .text.TIM_OC2_SetConfig
                0x0000000008002318       0xd4 ./Drivers/STM32F1xx_HAL_Driver/Src/stm32f1xx_hal_tim.o
                0x0000000008002318                TIM_OC2_SetConfig
 .text.TIM_OC3_SetConfig
                0x00000000080023ec       0xd4 ./Drivers/STM32F1xx_HAL_Driver/Src/stm32f1xx_hal_tim.o
 .text.TIM_OC4_SetConfig
                0x00000000080024c0       0x9c ./Drivers/STM32F1xx_HAL_Driver/Src/stm32f1xx_hal_tim.o
 .text.HAL_TIMEx_MasterConfigSynchronization
                0x000000000800255c       0xbc ./Drivers/STM32F1xx_HAL_Driver/Src/stm32f1xx_hal_tim_ex.o
                0x000000000800255c                HAL_TIMEx_MasterConfigSynchronization
 .text.HAL_TIMEx_ConfigBreakDeadTime
                0x0000000008002618       0xa2 ./Drivers/STM32F1xx_HAL_Driver/Src/stm32f1xx_hal_tim_ex.o
                0x0000000008002618                HAL_TIMEx_ConfigBreakDeadTime
 .text.HAL_UART_Init
                0x00000000080026ba       0xa0 ./Drivers/STM32F1xx_HAL_Driver/Src/stm32f1xx_hal_uart.o
                0x00000000080026ba                HAL_UART_Init
 *fill*         0x000000000800275a        0x2 
 .text.UART_SetConfig
                0x000000000800275c      0x11c ./Drivers/STM32F1xx_HAL_Driver/Src/stm32f1xx_hal_uart.o
 .text.memset   0x0000000008002878       0x10 D:/STM32CubeIDE_1.13.2/STM32CubeIDE/plugins/com.st.stm32cube.ide.mcu.externaltools.gnu-tools-for-stm32.11.3.rel1.win32_1.1.100.202309141235/tools/bin/../lib/gcc/arm-none-eabi/11.3.1/../../../../arm-none-eabi/lib/thumb/v7-m/nofp\libc_nano.a(libc_a-memset.o)
                0x0000000008002878                memset
 .text.__libc_init_array
                0x0000000008002888       0x48 D:/STM32CubeIDE_1.13.2/STM32CubeIDE/plugins/com.st.stm32cube.ide.mcu.externaltools.gnu-tools-for-stm32.11.3.rel1.win32_1.1.100.202309141235/tools/bin/../lib/gcc/arm-none-eabi/11.3.1/../../../../arm-none-eabi/lib/thumb/v7-m/nofp\libc_nano.a(libc_a-init.o)
                0x0000000008002888                __libc_init_array
 *(.glue_7)
 .glue_7        0x00000000080028d0        0x0 linker stubs
 *(.glue_7t)
 .glue_7t       0x00000000080028d0        0x0 linker stubs
 *(.eh_frame)
 .eh_frame      0x00000000080028d0        0x0 D:/STM32CubeIDE_1.13.2/STM32CubeIDE/plugins/com.st.stm32cube.ide.mcu.externaltools.gnu-tools-for-stm32.11.3.rel1.win32_1.1.100.202309141235/tools/bin/../lib/gcc/arm-none-eabi/11.3.1/thumb/v7-m/nofp/crtbegin.o
 *(.init)
 .init          0x00000000080028d0        0x4 D:/STM32CubeIDE_1.13.2/STM32CubeIDE/plugins/com.st.stm32cube.ide.mcu.externaltools.gnu-tools-for-stm32.11.3.rel1.win32_1.1.100.202309141235/tools/bin/../lib/gcc/arm-none-eabi/11.3.1/thumb/v7-m/nofp/crti.o
                0x00000000080028d0                _init
 .init          0x00000000080028d4        0x8 D:/STM32CubeIDE_1.13.2/STM32CubeIDE/plugins/com.st.stm32cube.ide.mcu.externaltools.gnu-tools-for-stm32.11.3.rel1.win32_1.1.100.202309141235/tools/bin/../lib/gcc/arm-none-eabi/11.3.1/thumb/v7-m/nofp/crtn.o
 *(.fini)
 .fini          0x00000000080028dc        0x4 D:/STM32CubeIDE_1.13.2/STM32CubeIDE/plugins/com.st.stm32cube.ide.mcu.externaltools.gnu-tools-for-stm32.11.3.rel1.win32_1.1.100.202309141235/tools/bin/../lib/gcc/arm-none-eabi/11.3.1/thumb/v7-m/nofp/crti.o
                0x00000000080028dc                _fini
 .fini          0x00000000080028e0        0x8 D:/STM32CubeIDE_1.13.2/STM32CubeIDE/plugins/com.st.stm32cube.ide.mcu.externaltools.gnu-tools-for-stm32.11.3.rel1.win32_1.1.100.202309141235/tools/bin/../lib/gcc/arm-none-eabi/11.3.1/thumb/v7-m/nofp/crtn.o
                0x00000000080028e8                . = ALIGN (0x4)
                0x00000000080028e8                _etext = .

.vfp11_veneer   0x00000000080028e8        0x0
 .vfp11_veneer  0x00000000080028e8        0x0 linker stubs

.v4_bx          0x00000000080028e8        0x0
 .v4_bx         0x00000000080028e8        0x0 linker stubs

.iplt           0x00000000080028e8        0x0
 .iplt          0x00000000080028e8        0x0 D:/STM32CubeIDE_1.13.2/STM32CubeIDE/plugins/com.st.stm32cube.ide.mcu.externaltools.gnu-tools-for-stm32.11.3.rel1.win32_1.1.100.202309141235/tools/bin/../lib/gcc/arm-none-eabi/11.3.1/thumb/v7-m/nofp/crtbegin.o

.rodata         0x00000000080028e8       0x2c
                0x00000000080028e8                . = ALIGN (0x4)
 *(.rodata)
 *(.rodata*)
 .rodata.AHBPrescTable
                0x00000000080028e8       0x10 ./Core/Src/system_stm32f1xx.o
                0x00000000080028e8                AHBPrescTable
 .rodata.APBPrescTable
                0x00000000080028f8        0x8 ./Core/Src/system_stm32f1xx.o
                0x00000000080028f8                APBPrescTable
 .rodata.aPLLMULFactorTable.1
                0x0000000008002900       0x10 ./Drivers/STM32F1xx_HAL_Driver/Src/stm32f1xx_hal_rcc.o
 .rodata.aPredivFactorTable.0
                0x0000000008002910        0x2 ./Drivers/STM32F1xx_HAL_Driver/Src/stm32f1xx_hal_rcc.o
                0x0000000008002914                . = ALIGN (0x4)
 *fill*         0x0000000008002912        0x2 

.rel.dyn        0x0000000008002914        0x0
 .rel.iplt      0x0000000008002914        0x0 D:/STM32CubeIDE_1.13.2/STM32CubeIDE/plugins/com.st.stm32cube.ide.mcu.externaltools.gnu-tools-for-stm32.11.3.rel1.win32_1.1.100.202309141235/tools/bin/../lib/gcc/arm-none-eabi/11.3.1/thumb/v7-m/nofp/crtbegin.o

.ARM.extab      0x0000000008002914        0x0
                0x0000000008002914                . = ALIGN (0x4)
 *(.ARM.extab* .gnu.linkonce.armextab.*)
                0x0000000008002914                . = ALIGN (0x4)

.ARM            0x0000000008002914        0x0
                0x0000000008002914                . = ALIGN (0x4)
                0x0000000008002914                __exidx_start = .
 *(.ARM.exidx*)
                0x0000000008002914                __exidx_end = .
                0x0000000008002914                . = ALIGN (0x4)

.preinit_array  0x0000000008002914        0x0
                0x0000000008002914                . = ALIGN (0x4)
                0x0000000008002914                PROVIDE (__preinit_array_start = .)
 *(.preinit_array*)
                0x0000000008002914                PROVIDE (__preinit_array_end = .)
                0x0000000008002914                . = ALIGN (0x4)

.init_array     0x0000000008002914        0x4
                0x0000000008002914                . = ALIGN (0x4)
                0x0000000008002914                PROVIDE (__init_array_start = .)
 *(SORT_BY_NAME(.init_array.*))
 *(.init_array*)
 .init_array    0x0000000008002914        0x4 D:/STM32CubeIDE_1.13.2/STM32CubeIDE/plugins/com.st.stm32cube.ide.mcu.externaltools.gnu-tools-for-stm32.11.3.rel1.win32_1.1.100.202309141235/tools/bin/../lib/gcc/arm-none-eabi/11.3.1/thumb/v7-m/nofp/crtbegin.o
                0x0000000008002918                PROVIDE (__init_array_end = .)
                0x0000000008002918                . = ALIGN (0x4)

.fini_array     0x0000000008002918        0x4
                0x0000000008002918                . = ALIGN (0x4)
                [!provide]                        PROVIDE (__fini_array_start = .)
 *(SORT_BY_NAME(.fini_array.*))
 *(.fini_array*)
 .fini_array    0x0000000008002918        0x4 D:/STM32CubeIDE_1.13.2/STM32CubeIDE/plugins/com.st.stm32cube.ide.mcu.externaltools.gnu-tools-for-stm32.11.3.rel1.win32_1.1.100.202309141235/tools/bin/../lib/gcc/arm-none-eabi/11.3.1/thumb/v7-m/nofp/crtbegin.o
                [!provide]                        PROVIDE (__fini_array_end = .)
                0x000000000800291c                . = ALIGN (0x4)
                0x000000000800291c                _sidata = LOADADDR (.data)

.data           0x0000000020000000        0xc load address 0x000000000800291c
                0x0000000020000000                . = ALIGN (0x4)
                0x0000000020000000                _sdata = .
 *(.data)
 *(.data*)
 .data.SystemCoreClock
                0x0000000020000000        0x4 ./Core/Src/system_stm32f1xx.o
                0x0000000020000000                SystemCoreClock
 .data.uwTickPrio
                0x0000000020000004        0x4 ./Drivers/STM32F1xx_HAL_Driver/Src/stm32f1xx_hal.o
                0x0000000020000004                uwTickPrio
 .data.uwTickFreq
                0x0000000020000008        0x1 ./Drivers/STM32F1xx_HAL_Driver/Src/stm32f1xx_hal.o
                0x0000000020000008                uwTickFreq
 *(.RamFunc)
 *(.RamFunc*)
                0x000000002000000c                . = ALIGN (0x4)
 *fill*         0x0000000020000009        0x3 
                0x000000002000000c                _edata = .

.igot.plt       0x000000002000000c        0x0 load address 0x0000000008002928
 .igot.plt      0x000000002000000c        0x0 D:/STM32CubeIDE_1.13.2/STM32CubeIDE/plugins/com.st.stm32cube.ide.mcu.externaltools.gnu-tools-for-stm32.11.3.rel1.win32_1.1.100.202309141235/tools/bin/../lib/gcc/arm-none-eabi/11.3.1/thumb/v7-m/nofp/crtbegin.o
                0x000000002000000c                . = ALIGN (0x4)

.bss            0x000000002000000c      0x180 load address 0x0000000008002928
                0x000000002000000c                _sbss = .
                0x000000002000000c                __bss_start__ = _sbss
 *(.bss)
 .bss           0x000000002000000c       0x1c D:/STM32CubeIDE_1.13.2/STM32CubeIDE/plugins/com.st.stm32cube.ide.mcu.externaltools.gnu-tools-for-stm32.11.3.rel1.win32_1.1.100.202309141235/tools/bin/../lib/gcc/arm-none-eabi/11.3.1/thumb/v7-m/nofp/crtbegin.o
 *(.bss*)
 .bss.hadc1     0x0000000020000028       0x30 ./Core/Src/main.o
                0x0000000020000028                hadc1
 .bss.hspi1     0x0000000020000058       0x58 ./Core/Src/main.o
                0x0000000020000058                hspi1
 .bss.htim1     0x00000000200000b0       0x48 ./Core/Src/main.o
                0x00000000200000b0                htim1
 .bss.htim2     0x00000000200000f8       0x48 ./Core/Src/main.o
                0x00000000200000f8                htim2
 .bss.huart2    0x0000000020000140       0x48 ./Core/Src/main.o
                0x0000000020000140                huart2
 .bss.uwTick    0x0000000020000188        0x4 ./Drivers/STM32F1xx_HAL_Driver/Src/stm32f1xx_hal.o
                0x0000000020000188                uwTick
 *(COMMON)
                0x000000002000018c                . = ALIGN (0x4)
                0x000000002000018c                _ebss = .
                0x000000002000018c                __bss_end__ = _ebss

._user_heap_stack
                0x000000002000018c      0x604 load address 0x0000000008002928
                0x0000000020000190                . = ALIGN (0x8)
 *fill*         0x000000002000018c        0x4 
                [!provide]                        PROVIDE (end = .)
                0x0000000020000190                PROVIDE (_end = .)
                0x0000000020000390                . = (. + _Min_Heap_Size)
 *fill*         0x0000000020000190      0x200 
                0x0000000020000790                . = (. + _Min_Stack_Size)
 *fill*         0x0000000020000390      0x400 
                0x0000000020000790                . = ALIGN (0x8)

/DISCARD/
 libc.a(*)
 libm.a(*)
 libgcc.a(*)

.ARM.attributes
                0x0000000000000000       0x29
 *(.ARM.attributes)
 .ARM.attributes
                0x0000000000000000       0x1d D:/STM32CubeIDE_1.13.2/STM32CubeIDE/plugins/com.st.stm32cube.ide.mcu.externaltools.gnu-tools-for-stm32.11.3.rel1.win32_1.1.100.202309141235/tools/bin/../lib/gcc/arm-none-eabi/11.3.1/thumb/v7-m/nofp/crti.o
 .ARM.attributes
                0x000000000000001d       0x2d D:/STM32CubeIDE_1.13.2/STM32CubeIDE/plugins/com.st.stm32cube.ide.mcu.externaltools.gnu-tools-for-stm32.11.3.rel1.win32_1.1.100.202309141235/tools/bin/../lib/gcc/arm-none-eabi/11.3.1/thumb/v7-m/nofp/crtbegin.o
 .ARM.attributes
                0x000000000000004a       0x2d ./Core/Src/main.o
 .ARM.attributes
                0x0000000000000077       0x2d ./Core/Src/stm32f1xx_hal_msp.o
 .ARM.attributes
                0x00000000000000a4       0x2d ./Core/Src/stm32f1xx_it.o
 .ARM.attributes
                0x00000000000000d1       0x2d ./Core/Src/system_stm32f1xx.o
 .ARM.attributes
                0x00000000000000fe       0x21 ./Core/Startup/startup_stm32f103c8tx.o
 .ARM.attributes
                0x000000000000011f       0x2d ./Drivers/STM32F1xx_HAL_Driver/Src/stm32f1xx_hal.o
 .ARM.attributes
                0x000000000000014c       0x2d ./Drivers/STM32F1xx_HAL_Driver/Src/stm32f1xx_hal_adc.o
 .ARM.attributes
                0x0000000000000179       0x2d ./Drivers/STM32F1xx_HAL_Driver/Src/stm32f1xx_hal_cortex.o
 .ARM.attributes
                0x00000000000001a6       0x2d ./Drivers/STM32F1xx_HAL_Driver/Src/stm32f1xx_hal_gpio.o
 .ARM.attributes
                0x00000000000001d3       0x2d ./Drivers/STM32F1xx_HAL_Driver/Src/stm32f1xx_hal_rcc.o
 .ARM.attributes
                0x0000000000000200       0x2d ./Drivers/STM32F1xx_HAL_Driver/Src/stm32f1xx_hal_rcc_ex.o
 .ARM.attributes
                0x000000000000022d       0x2d ./Drivers/STM32F1xx_HAL_Driver/Src/stm32f1xx_hal_spi.o
 .ARM.attributes
                0x000000000000025a       0x2d ./Drivers/STM32F1xx_HAL_Driver/Src/stm32f1xx_hal_tim.o
 .ARM.attributes
                0x0000000000000287       0x2d ./Drivers/STM32F1xx_HAL_Driver/Src/stm32f1xx_hal_tim_ex.o
 .ARM.attributes
                0x00000000000002b4       0x2d ./Drivers/STM32F1xx_HAL_Driver/Src/stm32f1xx_hal_uart.o
 .ARM.attributes
                0x00000000000002e1       0x2d D:/STM32CubeIDE_1.13.2/STM32CubeIDE/plugins/com.st.stm32cube.ide.mcu.externaltools.gnu-tools-for-stm32.11.3.rel1.win32_1.1.100.202309141235/tools/bin/../lib/gcc/arm-none-eabi/11.3.1/../../../../arm-none-eabi/lib/thumb/v7-m/nofp\libc_nano.a(libc_a-memset.o)
 .ARM.attributes
                0x000000000000030e       0x2d D:/STM32CubeIDE_1.13.2/STM32CubeIDE/plugins/com.st.stm32cube.ide.mcu.externaltools.gnu-tools-for-stm32.11.3.rel1.win32_1.1.100.202309141235/tools/bin/../lib/gcc/arm-none-eabi/11.3.1/../../../../arm-none-eabi/lib/thumb/v7-m/nofp\libc_nano.a(libc_a-init.o)
 .ARM.attributes
                0x000000000000033b       0x1d D:/STM32CubeIDE_1.13.2/STM32CubeIDE/plugins/com.st.stm32cube.ide.mcu.externaltools.gnu-tools-for-stm32.11.3.rel1.win32_1.1.100.202309141235/tools/bin/../lib/gcc/arm-none-eabi/11.3.1/thumb/v7-m/nofp/crtn.o
OUTPUT(NEOPIXEL_F1.elf elf32-littlearm)
LOAD linker stubs
LOAD D:/STM32CubeIDE_1.13.2/STM32CubeIDE/plugins/com.st.stm32cube.ide.mcu.externaltools.gnu-tools-for-stm32.11.3.rel1.win32_1.1.100.202309141235/tools/bin/../lib/gcc/arm-none-eabi/11.3.1/../../../../arm-none-eabi/lib/thumb/v7-m/nofp\libc.a
LOAD D:/STM32CubeIDE_1.13.2/STM32CubeIDE/plugins/com.st.stm32cube.ide.mcu.externaltools.gnu-tools-for-stm32.11.3.rel1.win32_1.1.100.202309141235/tools/bin/../lib/gcc/arm-none-eabi/11.3.1/../../../../arm-none-eabi/lib/thumb/v7-m/nofp\libm.a
LOAD D:/STM32CubeIDE_1.13.2/STM32CubeIDE/plugins/com.st.stm32cube.ide.mcu.externaltools.gnu-tools-for-stm32.11.3.rel1.win32_1.1.100.202309141235/tools/bin/../lib/gcc/arm-none-eabi/11.3.1/thumb/v7-m/nofp\libgcc.a

.comment        0x0000000000000000       0x43
 .comment       0x0000000000000000       0x43 D:/STM32CubeIDE_1.13.2/STM32CubeIDE/plugins/com.st.stm32cube.ide.mcu.externaltools.gnu-tools-for-stm32.11.3.rel1.win32_1.1.100.202309141235/tools/bin/../lib/gcc/arm-none-eabi/11.3.1/thumb/v7-m/nofp/crtbegin.o
                                         0x44 (size before relaxing)
 .comment       0x0000000000000043       0x44 ./Core/Src/main.o
 .comment       0x0000000000000043       0x44 ./Core/Src/stm32f1xx_hal_msp.o
 .comment       0x0000000000000043       0x44 ./Core/Src/stm32f1xx_it.o
 .comment       0x0000000000000043       0x44 ./Core/Src/system_stm32f1xx.o
 .comment       0x0000000000000043       0x44 ./Drivers/STM32F1xx_HAL_Driver/Src/stm32f1xx_hal.o
 .comment       0x0000000000000043       0x44 ./Drivers/STM32F1xx_HAL_Driver/Src/stm32f1xx_hal_adc.o
 .comment       0x0000000000000043       0x44 ./Drivers/STM32F1xx_HAL_Driver/Src/stm32f1xx_hal_cortex.o
 .comment       0x0000000000000043       0x44 ./Drivers/STM32F1xx_HAL_Driver/Src/stm32f1xx_hal_gpio.o
 .comment       0x0000000000000043       0x44 ./Drivers/STM32F1xx_HAL_Driver/Src/stm32f1xx_hal_rcc.o
 .comment       0x0000000000000043       0x44 ./Drivers/STM32F1xx_HAL_Driver/Src/stm32f1xx_hal_rcc_ex.o
 .comment       0x0000000000000043       0x44 ./Drivers/STM32F1xx_HAL_Driver/Src/stm32f1xx_hal_spi.o
 .comment       0x0000000000000043       0x44 ./Drivers/STM32F1xx_HAL_Driver/Src/stm32f1xx_hal_tim.o
 .comment       0x0000000000000043       0x44 ./Drivers/STM32F1xx_HAL_Driver/Src/stm32f1xx_hal_tim_ex.o
 .comment       0x0000000000000043       0x44 ./Drivers/STM32F1xx_HAL_Driver/Src/stm32f1xx_hal_uart.o

.debug_info     0x0000000000000000     0xdc25
 .debug_info    0x0000000000000000     0x1644 ./Core/Src/main.o
 .debug_info    0x0000000000001644     0x1218 ./Core/Src/stm32f1xx_hal_msp.o
 .debug_info    0x000000000000285c      0x15b ./Core/Src/stm32f1xx_it.o
 .debug_info    0x00000000000029b7      0x222 ./Core/Src/system_stm32f1xx.o
 .debug_info    0x0000000000002bd9       0x23 ./Core/Startup/startup_stm32f103c8tx.o
 .debug_info    0x0000000000002bfc      0x704 ./Drivers/STM32F1xx_HAL_Driver/Src/stm32f1xx_hal.o
 .debug_info    0x0000000000003300      0xc50 ./Drivers/STM32F1xx_HAL_Driver/Src/stm32f1xx_hal_adc.o
 .debug_info    0x0000000000003f50      0xa87 ./Drivers/STM32F1xx_HAL_Driver/Src/stm32f1xx_hal_cortex.o
 .debug_info    0x00000000000049d7      0x5ab ./Drivers/STM32F1xx_HAL_Driver/Src/stm32f1xx_hal_gpio.o
 .debug_info    0x0000000000004f82      0x7d5 ./Drivers/STM32F1xx_HAL_Driver/Src/stm32f1xx_hal_rcc.o
 .debug_info    0x0000000000005757      0x3c0 ./Drivers/STM32F1xx_HAL_Driver/Src/stm32f1xx_hal_rcc_ex.o
 .debug_info    0x0000000000005b17     0x142d ./Drivers/STM32F1xx_HAL_Driver/Src/stm32f1xx_hal_spi.o
 .debug_info    0x0000000000006f44     0x2959 ./Drivers/STM32F1xx_HAL_Driver/Src/stm32f1xx_hal_tim.o
 .debug_info    0x000000000000989d     0x149b ./Drivers/STM32F1xx_HAL_Driver/Src/stm32f1xx_hal_tim_ex.o
 .debug_info    0x000000000000ad38     0x2eed ./Drivers/STM32F1xx_HAL_Driver/Src/stm32f1xx_hal_uart.o

.debug_abbrev   0x0000000000000000     0x1e89
 .debug_abbrev  0x0000000000000000      0x2d5 ./Core/Src/main.o
 .debug_abbrev  0x00000000000002d5      0x235 ./Core/Src/stm32f1xx_hal_msp.o
 .debug_abbrev  0x000000000000050a       0xa0 ./Core/Src/stm32f1xx_it.o
 .debug_abbrev  0x00000000000005aa      0x13f ./Core/Src/system_stm32f1xx.o
 .debug_abbrev  0x00000000000006e9       0x12 ./Core/Startup/startup_stm32f103c8tx.o
 .debug_abbrev  0x00000000000006fb      0x201 ./Drivers/STM32F1xx_HAL_Driver/Src/stm32f1xx_hal.o
 .debug_abbrev  0x00000000000008fc      0x225 ./Drivers/STM32F1xx_HAL_Driver/Src/stm32f1xx_hal_adc.o
 .debug_abbrev  0x0000000000000b21      0x2f8 ./Drivers/STM32F1xx_HAL_Driver/Src/stm32f1xx_hal_cortex.o
 .debug_abbrev  0x0000000000000e19      0x1ca ./Drivers/STM32F1xx_HAL_Driver/Src/stm32f1xx_hal_gpio.o
 .debug_abbrev  0x0000000000000fe3      0x2b3 ./Drivers/STM32F1xx_HAL_Driver/Src/stm32f1xx_hal_rcc.o
 .debug_abbrev  0x0000000000001296      0x188 ./Drivers/STM32F1xx_HAL_Driver/Src/stm32f1xx_hal_rcc_ex.o
 .debug_abbrev  0x000000000000141e      0x27a ./Drivers/STM32F1xx_HAL_Driver/Src/stm32f1xx_hal_spi.o
 .debug_abbrev  0x0000000000001698      0x277 ./Drivers/STM32F1xx_HAL_Driver/Src/stm32f1xx_hal_tim.o
 .debug_abbrev  0x000000000000190f      0x282 ./Drivers/STM32F1xx_HAL_Driver/Src/stm32f1xx_hal_tim_ex.o
 .debug_abbrev  0x0000000000001b91      0x2f8 ./Drivers/STM32F1xx_HAL_Driver/Src/stm32f1xx_hal_uart.o

.debug_aranges  0x0000000000000000      0xe80
 .debug_aranges
                0x0000000000000000       0x60 ./Core/Src/main.o
 .debug_aranges
                0x0000000000000060       0x68 ./Core/Src/stm32f1xx_hal_msp.o
 .debug_aranges
                0x00000000000000c8       0x70 ./Core/Src/stm32f1xx_it.o
 .debug_aranges
                0x0000000000000138       0x28 ./Core/Src/system_stm32f1xx.o
 .debug_aranges
                0x0000000000000160       0x28 ./Core/Startup/startup_stm32f103c8tx.o
 .debug_aranges
                0x0000000000000188       0xe0 ./Drivers/STM32F1xx_HAL_Driver/Src/stm32f1xx_hal.o
 .debug_aranges
                0x0000000000000268       0xf0 ./Drivers/STM32F1xx_HAL_Driver/Src/stm32f1xx_hal_adc.o
 .debug_aranges
                0x0000000000000358      0x100 ./Drivers/STM32F1xx_HAL_Driver/Src/stm32f1xx_hal_cortex.o
 .debug_aranges
                0x0000000000000458       0x58 ./Drivers/STM32F1xx_HAL_Driver/Src/stm32f1xx_hal_gpio.o
 .debug_aranges
                0x00000000000004b0       0x90 ./Drivers/STM32F1xx_HAL_Driver/Src/stm32f1xx_hal_rcc.o
 .debug_aranges
                0x0000000000000540       0x30 ./Drivers/STM32F1xx_HAL_Driver/Src/stm32f1xx_hal_rcc_ex.o
 .debug_aranges
                0x0000000000000570      0x1d0 ./Drivers/STM32F1xx_HAL_Driver/Src/stm32f1xx_hal_spi.o
 .debug_aranges
                0x0000000000000740      0x3d0 ./Drivers/STM32F1xx_HAL_Driver/Src/stm32f1xx_hal_tim.o
 .debug_aranges
                0x0000000000000b10      0x168 ./Drivers/STM32F1xx_HAL_Driver/Src/stm32f1xx_hal_tim_ex.o
 .debug_aranges
                0x0000000000000c78      0x208 ./Drivers/STM32F1xx_HAL_Driver/Src/stm32f1xx_hal_uart.o

.debug_rnglists
                0x0000000000000000      0xb64
 .debug_rnglists
                0x0000000000000000       0x47 ./Core/Src/main.o
 .debug_rnglists
                0x0000000000000047       0x4c ./Core/Src/stm32f1xx_hal_msp.o
 .debug_rnglists
                0x0000000000000093       0x4f ./Core/Src/stm32f1xx_it.o
 .debug_rnglists
                0x00000000000000e2       0x1a ./Core/Src/system_stm32f1xx.o
 .debug_rnglists
                0x00000000000000fc       0x19 ./Core/Startup/startup_stm32f103c8tx.o
 .debug_rnglists
                0x0000000000000115       0xa3 ./Drivers/STM32F1xx_HAL_Driver/Src/stm32f1xx_hal.o
 .debug_rnglists
                0x00000000000001b8       0xbc ./Drivers/STM32F1xx_HAL_Driver/Src/stm32f1xx_hal_adc.o
 .debug_rnglists
                0x0000000000000274       0xbb ./Drivers/STM32F1xx_HAL_Driver/Src/stm32f1xx_hal_cortex.o
 .debug_rnglists
                0x000000000000032f       0x3f ./Drivers/STM32F1xx_HAL_Driver/Src/stm32f1xx_hal_gpio.o
 .debug_rnglists
                0x000000000000036e       0x6c ./Drivers/STM32F1xx_HAL_Driver/Src/stm32f1xx_hal_rcc.o
 .debug_rnglists
                0x00000000000003da       0x21 ./Drivers/STM32F1xx_HAL_Driver/Src/stm32f1xx_hal_rcc_ex.o
 .debug_rnglists
                0x00000000000003fb      0x16e ./Drivers/STM32F1xx_HAL_Driver/Src/stm32f1xx_hal_spi.o
 .debug_rnglists
                0x0000000000000569      0x31a ./Drivers/STM32F1xx_HAL_Driver/Src/stm32f1xx_hal_tim.o
 .debug_rnglists
                0x0000000000000883      0x125 ./Drivers/STM32F1xx_HAL_Driver/Src/stm32f1xx_hal_tim_ex.o
 .debug_rnglists
                0x00000000000009a8      0x1bc ./Drivers/STM32F1xx_HAL_Driver/Src/stm32f1xx_hal_uart.o

.debug_macro    0x0000000000000000    0x17a49
 .debug_macro   0x0000000000000000      0x1d0 ./Core/Src/main.o
 .debug_macro   0x00000000000001d0      0xa9c ./Core/Src/main.o
 .debug_macro   0x0000000000000c6c      0x227 ./Core/Src/main.o
 .debug_macro   0x0000000000000e93       0x2e ./Core/Src/main.o
 .debug_macro   0x0000000000000ec1       0x22 ./Core/Src/main.o
 .debug_macro   0x0000000000000ee3       0x22 ./Core/Src/main.o
 .debug_macro   0x0000000000000f05       0x8e ./Core/Src/main.o
 .debug_macro   0x0000000000000f93       0x51 ./Core/Src/main.o
 .debug_macro   0x0000000000000fe4      0x103 ./Core/Src/main.o
 .debug_macro   0x00000000000010e7       0x6a ./Core/Src/main.o
 .debug_macro   0x0000000000001151      0x1df ./Core/Src/main.o
 .debug_macro   0x0000000000001330       0x1c ./Core/Src/main.o
 .debug_macro   0x000000000000134c       0x22 ./Core/Src/main.o
 .debug_macro   0x000000000000136e       0xbd ./Core/Src/main.o
 .debug_macro   0x000000000000142b      0xd23 ./Core/Src/main.o
 .debug_macro   0x000000000000214e     0xe09e ./Core/Src/main.o
 .debug_macro   0x00000000000101ec       0x6d ./Core/Src/main.o
 .debug_macro   0x0000000000010259     0x34a2 ./Core/Src/main.o
 .debug_macro   0x00000000000136fb      0x174 ./Core/Src/main.o
 .debug_macro   0x000000000001386f       0x5c ./Core/Src/main.o
 .debug_macro   0x00000000000138cb      0x5bc ./Core/Src/main.o
 .debug_macro   0x0000000000013e87      0x289 ./Core/Src/main.o
 .debug_macro   0x0000000000014110      0x1cb ./Core/Src/main.o
 .debug_macro   0x00000000000142db      0x114 ./Core/Src/main.o
 .debug_macro   0x00000000000143ef      0x1b2 ./Core/Src/main.o
 .debug_macro   0x00000000000145a1       0x27 ./Core/Src/main.o
 .debug_macro   0x00000000000145c8      0x136 ./Core/Src/main.o
 .debug_macro   0x00000000000146fe      0x1bc ./Core/Src/main.o
 .debug_macro   0x00000000000148ba       0x34 ./Core/Src/main.o
 .debug_macro   0x00000000000148ee       0x3c ./Core/Src/main.o
 .debug_macro   0x000000000001492a       0x57 ./Core/Src/main.o
 .debug_macro   0x0000000000014981      0x46a ./Core/Src/main.o
 .debug_macro   0x0000000000014deb      0x1b5 ./Core/Src/main.o
 .debug_macro   0x0000000000014fa0       0x87 ./Core/Src/main.o
 .debug_macro   0x0000000000015027      0x240 ./Core/Src/main.o
 .debug_macro   0x0000000000015267      0x140 ./Core/Src/main.o
 .debug_macro   0x00000000000153a7      0x217 ./Core/Src/main.o
 .debug_macro   0x00000000000155be      0x8ed ./Core/Src/main.o
 .debug_macro   0x0000000000015eab      0x28e ./Core/Src/main.o
 .debug_macro   0x0000000000016139       0x83 ./Core/Src/main.o
 .debug_macro   0x00000000000161bc       0xd0 ./Core/Src/main.o
 .debug_macro   0x000000000001628c      0x1d0 ./Core/Src/stm32f1xx_hal_msp.o
 .debug_macro   0x000000000001645c      0x1da ./Core/Src/stm32f1xx_it.o
 .debug_macro   0x0000000000016636      0x1c1 ./Core/Src/system_stm32f1xx.o
 .debug_macro   0x00000000000167f7      0x1e5 ./Drivers/STM32F1xx_HAL_Driver/Src/stm32f1xx_hal.o
 .debug_macro   0x00000000000169dc      0x1de ./Drivers/STM32F1xx_HAL_Driver/Src/stm32f1xx_hal_adc.o
 .debug_macro   0x0000000000016bba      0x1c1 ./Drivers/STM32F1xx_HAL_Driver/Src/stm32f1xx_hal_cortex.o
 .debug_macro   0x0000000000016d7b      0x22c ./Drivers/STM32F1xx_HAL_Driver/Src/stm32f1xx_hal_gpio.o
 .debug_macro   0x0000000000016fa7      0x1d3 ./Drivers/STM32F1xx_HAL_Driver/Src/stm32f1xx_hal_rcc.o
 .debug_macro   0x000000000001717a      0x1c1 ./Drivers/STM32F1xx_HAL_Driver/Src/stm32f1xx_hal_rcc_ex.o
 .debug_macro   0x000000000001733b      0x1c9 ./Drivers/STM32F1xx_HAL_Driver/Src/stm32f1xx_hal_spi.o
 .debug_macro   0x0000000000017504      0x1c2 ./Drivers/STM32F1xx_HAL_Driver/Src/stm32f1xx_hal_tim.o
 .debug_macro   0x00000000000176c6      0x1c1 ./Drivers/STM32F1xx_HAL_Driver/Src/stm32f1xx_hal_tim_ex.o
 .debug_macro   0x0000000000017887      0x1c2 ./Drivers/STM32F1xx_HAL_Driver/Src/stm32f1xx_hal_uart.o

.debug_line     0x0000000000000000     0xfe8f
 .debug_line    0x0000000000000000      0x9a1 ./Core/Src/main.o
 .debug_line    0x00000000000009a1      0x8e9 ./Core/Src/stm32f1xx_hal_msp.o
 .debug_line    0x000000000000128a      0x837 ./Core/Src/stm32f1xx_it.o
 .debug_line    0x0000000000001ac1      0x7bf ./Core/Src/system_stm32f1xx.o
 .debug_line    0x0000000000002280       0x78 ./Core/Startup/startup_stm32f103c8tx.o
 .debug_line    0x00000000000022f8      0x9ec ./Drivers/STM32F1xx_HAL_Driver/Src/stm32f1xx_hal.o
 .debug_line    0x0000000000002ce4     0x1069 ./Drivers/STM32F1xx_HAL_Driver/Src/stm32f1xx_hal_adc.o
 .debug_line    0x0000000000003d4d      0xbd4 ./Drivers/STM32F1xx_HAL_Driver/Src/stm32f1xx_hal_cortex.o
 .debug_line    0x0000000000004921      0xa85 ./Drivers/STM32F1xx_HAL_Driver/Src/stm32f1xx_hal_gpio.o
 .debug_line    0x00000000000053a6      0xdf5 ./Drivers/STM32F1xx_HAL_Driver/Src/stm32f1xx_hal_rcc.o
 .debug_line    0x000000000000619b      0x930 ./Drivers/STM32F1xx_HAL_Driver/Src/stm32f1xx_hal_rcc_ex.o
 .debug_line    0x0000000000006acb     0x1ce6 ./Drivers/STM32F1xx_HAL_Driver/Src/stm32f1xx_hal_spi.o
 .debug_line    0x00000000000087b1     0x34f3 ./Drivers/STM32F1xx_HAL_Driver/Src/stm32f1xx_hal_tim.o
 .debug_line    0x000000000000bca4     0x193b ./Drivers/STM32F1xx_HAL_Driver/Src/stm32f1xx_hal_tim_ex.o
 .debug_line    0x000000000000d5df     0x28b0 ./Drivers/STM32F1xx_HAL_Driver/Src/stm32f1xx_hal_uart.o

.debug_str      0x0000000000000000    0x8d451
 .debug_str     0x0000000000000000    0x8a4f2 ./Core/Src/main.o
                                      0x8a9d0 (size before relaxing)
 .debug_str     0x000000000008a4f2      0x11a ./Core/Src/stm32f1xx_hal_msp.o
                                      0x8a2fb (size before relaxing)
 .debug_str     0x000000000008a60c      0x106 ./Core/Src/stm32f1xx_it.o
                                      0x898b4 (size before relaxing)
 .debug_str     0x000000000008a712       0x7e ./Core/Src/system_stm32f1xx.o
                                      0x894c7 (size before relaxing)
 .debug_str     0x000000000008a790       0x34 ./Core/Startup/startup_stm32f103c8tx.o
                                         0x4f (size before relaxing)
 .debug_str     0x000000000008a7c4      0x384 ./Drivers/STM32F1xx_HAL_Driver/Src/stm32f1xx_hal.o
                                      0x89bfa (size before relaxing)
 .debug_str     0x000000000008ab48      0x38e ./Drivers/STM32F1xx_HAL_Driver/Src/stm32f1xx_hal_adc.o
                                      0x89bab (size before relaxing)
 .debug_str     0x000000000008aed6      0x2a8 ./Drivers/STM32F1xx_HAL_Driver/Src/stm32f1xx_hal_cortex.o
                                      0x89b46 (size before relaxing)
 .debug_str     0x000000000008b17e      0x309 ./Drivers/STM32F1xx_HAL_Driver/Src/stm32f1xx_hal_gpio.o
                                      0x8984d (size before relaxing)
 .debug_str     0x000000000008b487      0x229 ./Drivers/STM32F1xx_HAL_Driver/Src/stm32f1xx_hal_rcc.o
                                      0x898f6 (size before relaxing)
 .debug_str     0x000000000008b6b0       0x84 ./Drivers/STM32F1xx_HAL_Driver/Src/stm32f1xx_hal_rcc_ex.o
                                      0x89646 (size before relaxing)
 .debug_str     0x000000000008b734      0x541 ./Drivers/STM32F1xx_HAL_Driver/Src/stm32f1xx_hal_spi.o
                                      0x89ded (size before relaxing)
 .debug_str     0x000000000008bc75      0xde2 ./Drivers/STM32F1xx_HAL_Driver/Src/stm32f1xx_hal_tim.o
                                      0x8a8f8 (size before relaxing)
 .debug_str     0x000000000008ca57      0x3e1 ./Drivers/STM32F1xx_HAL_Driver/Src/stm32f1xx_hal_tim_ex.o
                                      0x8a104 (size before relaxing)
 .debug_str     0x000000000008ce38      0x619 ./Drivers/STM32F1xx_HAL_Driver/Src/stm32f1xx_hal_uart.o
                                      0x89f67 (size before relaxing)

.debug_frame    0x0000000000000000     0x3d38
 .debug_frame   0x0000000000000000      0x130 ./Core/Src/main.o
 .debug_frame   0x0000000000000130      0x184 ./Core/Src/stm32f1xx_hal_msp.o
 .debug_frame   0x00000000000002b4      0x13c ./Core/Src/stm32f1xx_it.o
 .debug_frame   0x00000000000003f0       0x58 ./Core/Src/system_stm32f1xx.o
 .debug_frame   0x0000000000000448      0x334 ./Drivers/STM32F1xx_HAL_Driver/Src/stm32f1xx_hal.o
 .debug_frame   0x000000000000077c      0x40c ./Drivers/STM32F1xx_HAL_Driver/Src/stm32f1xx_hal_adc.o
 .debug_frame   0x0000000000000b88      0x428 ./Drivers/STM32F1xx_HAL_Driver/Src/stm32f1xx_hal_cortex.o
 .debug_frame   0x0000000000000fb0      0x14c ./Drivers/STM32F1xx_HAL_Driver/Src/stm32f1xx_hal_gpio.o
 .debug_frame   0x00000000000010fc      0x218 ./Drivers/STM32F1xx_HAL_Driver/Src/stm32f1xx_hal_rcc.o
 .debug_frame   0x0000000000001314       0x80 ./Drivers/STM32F1xx_HAL_Driver/Src/stm32f1xx_hal_rcc_ex.o
 .debug_frame   0x0000000000001394      0x824 ./Drivers/STM32F1xx_HAL_Driver/Src/stm32f1xx_hal_spi.o
 .debug_frame   0x0000000000001bb8     0x11b8 ./Drivers/STM32F1xx_HAL_Driver/Src/stm32f1xx_hal_tim.o
 .debug_frame   0x0000000000002d70      0x638 ./Drivers/STM32F1xx_HAL_Driver/Src/stm32f1xx_hal_tim_ex.o
 .debug_frame   0x00000000000033a8      0x944 ./Drivers/STM32F1xx_HAL_Driver/Src/stm32f1xx_hal_uart.o
 .debug_frame   0x0000000000003cec       0x20 D:/STM32CubeIDE_1.13.2/STM32CubeIDE/plugins/com.st.stm32cube.ide.mcu.externaltools.gnu-tools-for-stm32.11.3.rel1.win32_1.1.100.202309141235/tools/bin/../lib/gcc/arm-none-eabi/11.3.1/../../../../arm-none-eabi/lib/thumb/v7-m/nofp\libc_nano.a(libc_a-memset.o)
 .debug_frame   0x0000000000003d0c       0x2c D:/STM32CubeIDE_1.13.2/STM32CubeIDE/plugins/com.st.stm32cube.ide.mcu.externaltools.gnu-tools-for-stm32.11.3.rel1.win32_1.1.100.202309141235/tools/bin/../lib/gcc/arm-none-eabi/11.3.1/../../../../arm-none-eabi/lib/thumb/v7-m/nofp\libc_nano.a(libc_a-init.o)

.debug_line_str
                0x0000000000000000       0x43
 .debug_line_str
                0x0000000000000000       0x43 ./Core/Startup/startup_stm32f103c8tx.o
                                         0x5b (size before relaxing)
